// Jest Snapshot v1, https://goo.gl/fbAQLP

exports[`Document Component Should render without errors 1`] = `
<Documentstyles__Container
  data-test="DocumentComponent"
>
  <Documentstyles__TextArea
    data-test="textarea"
    onChange={[Function]}
    resizable={false}
    value="/* Initial Text */"
  />
  <Documentstyles__Button
    data-test="button"
    onClick={[Function]}
  >
    SEND
  </Documentstyles__Button>
</Documentstyles__Container>
`;
