// Jest Snapshot v1, https://goo.gl/fbAQLP

exports[`Notifications Component When has props Should renderer without errors 1`] = `
<Notificationsstyles__StyledList
  data-test="NotificationsComponent"
>
  <Notificationsstyles__StyledItem
    data-test="list-item"
    key="0"
  >
    First Message
  </Notificationsstyles__StyledItem>
  <Notificationsstyles__StyledItem
    data-test="list-item"
    key="1"
  >
    Second Message
  </Notificationsstyles__StyledItem>
</Notificationsstyles__StyledList>
`;
